2024-01-15 08:30:15 INFO Begin boot attempt on domain HRPROD
2024-01-15 08:30:45 INFO PeopleSoft Token authentication succeeded: JSMITH@HR.COMPANY.COM
2024-01-15 08:31:20 INFO PeopleSoft Token authentication succeeded: MJOHNSON@HR.COMPANY.COM
2024-01-15 08:32:10 ERROR An error has occurred: Database connection timeout
2024-01-15 08:32:30 INFO End boot attempt on domain HRPROD
2024-01-15 08:33:45 INFO PeopleSoft Token authentication failed: BWILSON@HR.COMPANY.COM
2024-01-15 08:34:15 INFO PeopleSoft Token authentication succeeded: ADAVIS@HR.COMPANY.COM
2024-01-15 08:35:20 ERROR Integration Gateway - External System Contact Error: Service unavailable
2024-01-15 08:36:10 INFO PeopleSoft Token authentication succeeded: JSMITH@HR.COMPANY.COM
2024-01-15 08:37:25 INFO PeopleSoft Token authentication failed: BWILSON@HR.COMPANY.COM
2024-01-15 08:38:40 ERROR ORA-12154: TNS:could not resolve the connect identifier specified
2024-01-15 08:39:15 INFO PeopleSoft Token authentication succeeded: KTAYLOR@HR.COMPANY.COM
2024-01-15 08:40:30 INFO PeopleSoft Token authentication succeeded: MJOHNSON@HR.COMPANY.COM
2024-01-15 08:41:45 ERROR An error has occurred: Memory allocation failure
2024-01-15 08:42:20 INFO PeopleSoft Token authentication failed: LWILLIAMS@HR.COMPANY.COM
2024-01-15 08:43:35 INFO PeopleSoft Token authentication succeeded: PSADMIN@HR.COMPANY.COM
2024-01-15 08:44:50 INFO PeopleSoft Token authentication succeeded: RGARCIA@HR.COMPANY.COM
2024-01-15 08:45:15 ERROR Integration Gateway - External System Contact Error: Connection refused
2024-01-15 08:46:30 INFO PeopleSoft Token authentication succeeded: JSMITH@HR.COMPANY.COM
2024-01-15 08:47:45 INFO PeopleSoft Token authentication failed: MRODRIGUEZ@HR.COMPANY.COM
2024-01-15 09:15:20 INFO Begin boot attempt on domain FINPROD
2024-01-15 09:18:45 INFO End boot attempt on domain FINPROD
2024-01-15 09:20:10 INFO PeopleSoft Token authentication succeeded: SMARTINEZ@FIN.COMPANY.COM
2024-01-15 09:21:25 INFO PeopleSoft Token authentication succeeded: CLEE@FIN.COMPANY.COM
2024-01-15 09:22:40 ERROR ORA-00942: table or view does not exist
2024-01-15 09:23:55 INFO PeopleSoft Token authentication failed: JTHOMPSON@FIN.COMPANY.COM
2024-01-15 09:25:10 INFO PeopleSoft Token authentication succeeded: AWILSON@FIN.COMPANY.COM
2024-01-15 09:26:25 ERROR An error has occurred: Null pointer exception
2024-01-15 09:27:40 INFO PeopleSoft Token authentication succeeded: SMARTINEZ@FIN.COMPANY.COM
2024-01-15 09:28:55 INFO PeopleSoft Token authentication succeeded: BLOPEZ@FIN.COMPANY.COM
2024-01-15 09:30:10 INFO PeopleSoft Token authentication failed: JTHOMPSON@FIN.COMPANY.COM
2024-01-15 09:31:25 ERROR Integration Gateway - External System Contact Error: Timeout occurred
2024-01-15 09:32:40 INFO PeopleSoft Token authentication succeeded: DWHITE@FIN.COMPANY.COM
2024-01-15 09:33:55 INFO PeopleSoft Token authentication succeeded: JSMITH@HR.COMPANY.COM
2024-01-15 09:35:10 ERROR ORA-01017: invalid username/password; logon denied
2024-01-15 09:36:25 INFO PeopleSoft Token authentication failed: MRODRIGUEZ@HR.COMPANY.COM
2024-01-15 09:37:40 INFO PeopleSoft Token authentication succeeded: KTAYLOR@HR.COMPANY.COM
2024-01-15 09:38:55 ERROR An error has occurred: File not found exception
2024-01-15 09:40:10 INFO PeopleSoft Token authentication succeeded: SMARTINEZ@FIN.COMPANY.COM
2024-01-15 09:41:25 INFO PeopleSoft Token authentication succeeded: MJOHNSON@HR.COMPANY.COM
2024-01-15 09:42:40 INFO PeopleSoft Token authentication failed: LWILLIAMS@HR.COMPANY.COM
2024-01-15 09:43:55 ERROR Integration Gateway - External System Contact Error: Authentication failed
2024-01-15 09:45:10 INFO PeopleSoft Token authentication succeeded: ADAVIS@HR.COMPANY.COM
2024-01-15 09:46:25 INFO PeopleSoft Token authentication succeeded: RGARCIA@HR.COMPANY.COM
2024-01-15 10:15:30 INFO Begin boot attempt on domain HRPROD
2024-01-15 10:16:45 INFO End boot attempt on domain HRPROD
2024-01-15 10:18:00 INFO PeopleSoft Token authentication succeeded: JSMITH@HR.COMPANY.COM
2024-01-15 10:19:15 ERROR ORA-12541: TNS:no listener
2024-01-15 10:20:30 INFO PeopleSoft Token authentication failed: BWILSON@HR.COMPANY.COM
2024-01-15 10:21:45 INFO PeopleSoft Token authentication succeeded: CLEE@FIN.COMPANY.COM
2024-01-15 10:23:00 ERROR An error has occurred: Session timeout
2024-01-15 10:24:15 INFO PeopleSoft Token authentication succeeded: SMARTINEZ@FIN.COMPANY.COM
2024-01-15 10:25:30 INFO PeopleSoft Token authentication succeeded: MJOHNSON@HR.COMPANY.COM
2024-01-15 10:26:45 INFO PeopleSoft Token authentication failed: JTHOMPSON@FIN.COMPANY.COM
2024-01-15 10:28:00 ERROR Integration Gateway - External System Contact Error: SSL handshake failed
2024-01-15 10:29:15 INFO PeopleSoft Token authentication succeeded: KTAYLOR@HR.COMPANY.COM